# Redirects map for nginx (from Redirect seeds).
#
# Format: <from_path>  <to_path>;
# Regenerate: poetry run python manage.py export_nginx_redirects
# Import DB:  poetry run python manage.py import_redirects
#
# Usage in nginx (see hoocon.conf):
#   map $uri $redirect_target {
#       include /etc/nginx/redirects.map;
#   }
#   if ($redirect_target) {
#       return 301 $redirect_target;
#   }

# Typo slug fixes (docs/redirects-slug-typo-seed.csv)
/privod-protivipozharniy-3nm /privod-protivopozharniy-3nm;
/privod-vozdushniy-bezpruzhini-uskorenniy-hva-q-5nm /privod-vozdushniy-bez-pruzhini-uskorenniy-hva-q-5nm;

# Tilda Store /tproduct/ → canonical (docs/redirects-tproduct-seed.csv)
/tproduct/629593806372-bv215-sharovoi-kran-2-hodovii-dn-15 /sharovoy-kran-bv215;
/tproduct/599842821022-bv220-sharovoi-kran-2-hodovii-dn-20 /sharovoy-kran-bv220;
/tproduct/733627027812-bv225-sharovoi-kran-2-hodovii-dn-25 /sharovoy-kran-bv225;
/tproduct/883566600902-bv232-sharovoi-kran-2-hodovii-dn-32 /sharovoy-kran-bv232;
/tproduct/437694431492-bv240-sharovoi-kran-2-hodovii-dn-40 /sharovoy-kran-bv240;
/tproduct/269932116952-bv250-sharovoi-kran-2-hodovii-dn-50 /sharovoy-kran-bv250;
/tproduct/943485105132-bv315-sharovoi-kran-3-hodovii-dn-15 /sharovoy-kran-bv315;
/tproduct/995512036422-bv320-sharovoi-kran-3-hodovii-dn20 /sharovoy-kran-bv320;
/tproduct/969516435522-bv325-sharovoi-kran-3-hodovii-dn25 /sharovoy-kran-bv325;
/tproduct/607702691702-bv332-sharovoi-kran-3-hodovii-dn-32 /sharovoy-kran-bv332;
/tproduct/456866237412-bv340-sharovoi-kran-3-hodovii-dn-40 /sharovoy-kran-bv340;
/tproduct/963986387552-bv350-sharovoi-kran-3-hodovii-dn-50 /sharovoy-kran-bv350;
/tproduct/402444508282-hvd-40q-40-nm-privod-vozdushnii-bez-vozv /privod-vozdushniy-hvd-40q;
/tproduct/840979876282-da8mqu-8nm-elektroprivod-vozdushnii-usko /privod-vozdushniy-da8mqu-8nm;
